STMicroelectronics assembler v4.49   (C)1987-2016   Fri May 13 08:55:42 2016
Page 1  "initPort.asm"
                                               e:\Projet\code\initport.asm

   1                             ST7/      
   2                             
   3                             ;*************************************************************
                                 ;***********
   4                             ; TITLE:                
   5                             ; AUTHOR:               
   6                             ; DESCRIPTION:          
   7                             ;*************************************************************
                                 ;***********
   8                             
   9  0000                                 TITLE    "initPort.asm"
  10                                       
  11  0000                                 MOTOROLA 
  12                                       
   0  0000                                 #include "ST7Lite2.INC"
   1                             ;*************************************************************
                                 ;*********** 
   2                             ; TITLE:                ST7FLite2.INC
   3                             ; AUTHOR:               CMG Microcontroller Application Team
   4                             ; DESCRIPTION:          ST7FLite2 Register and memory mapping 
                                 ;
   5                             ;*************************************************************
                                 ;***********;*************************************************
                                 ;********************
   6                             
   7                             ;*************************************************************
                                 ;*********
   8                             ;		I/O Ports Registers
   9                             ;*************************************************************
                                 ;*********
  10                             
  11  0000                                 EXTERN   PADR.b        ; port A data register
  12  0000                                 EXTERN   PADDR.b       ; port A data direction 
                                                                  ;register
  13  0000                                 EXTERN   PAOR.b        ; port A option register
  14                             
  15  0000                                 EXTERN   PBDR.b        ; port B data register
  16  0000                                 EXTERN   PBDDR.b       ; port B data direction 
                                                                  ;register
  17  0000                                 EXTERN   PBOR.b        ; port B option register
  18                             
  19                             ;*************************************************************
                                 ;*********
  20                             ;		Lite Timer Registers
  21                             ;*************************************************************
                                 ;*********
  22                                       
  23  0000                                 EXTERN   LTCSR2.b      ; Lite Timer Control/Status 
                                                                  ;register 2
  24  0000                                 EXTERN   LTCARR.b      ; Lite Timer Auto-reload 
                                                                  ;register
  25  0000                                 EXTERN   LTCNTR.b      ; Lite Timer Counter register
  26  0000                                 EXTERN   LTCSR1.b      ; Lite Timer Control/Status 
                                                                  ;register 1
  27  0000                                 EXTERN   LTICR.b       ; Lite Timer Input Capture 
                                                                  ;register
  28                                       
STMicroelectronics assembler v4.49   (C)1987-2016   Fri May 13 08:55:42 2016
Page 2  "initPort.asm"
                                               e:\Projet\code\ST7Lite2.INC

  29                             ;*************************************************************
                                 ;*********
  30                             ;		Auto reload timer registers
  31                             ;*************************************************************
                                 ;*********
  32                             
  33  0000                                 EXTERN   ATCSR.b       ; Timer Control/Status register 
                                                                  ;1
  34  0000                                 EXTERN   CNTRH.b       ; Counter Register High
  35  0000                                 EXTERN   CNTRL.b       ; Counter Register Low 
  36  0000                                 EXTERN   ATRH.b        ; Auto-Reload Register High
  37  0000                                 EXTERN   ATRL.b        ; Auto-Reload Register Low
  38  0000                                 EXTERN   PWMCR.b       ; PWM Output Control Register
  39  0000                                 EXTERN   PWM0CSR.b     ; PWM 0 Control/Status Register 
                                                                  ; 
  40  0000                                 EXTERN   PWM1CSR.b     ; PWM 1 Control/Status Register 
                                                                  ; 
  41  0000                                 EXTERN   PWM2CSR.b     ; PWM 2 Control/Status Register 
                                                                  ; 
  42  0000                                 EXTERN   PWM3CSR.b     ; PWM 3 Control/Status Register 
                                                                  ; 
  43  0000                                 EXTERN   DCR0H.b       ; PWM 0 Duty Cycle Register 
                                                                  ;High
  44  0000                                 EXTERN   DCR0L.b       ; PWM 0 Duty Cycle Register Low 
                                                                  ;  
  45  0000                                 EXTERN   DCR1H.b       ; PWM 0 Duty Cycle Register 
                                                                  ;High
  46  0000                                 EXTERN   DCR1L.b       ; PWM 0 Duty Cycle Register Low 
                                                                  ;  
  47  0000                                 EXTERN   DCR2H.b       ; PWM 0 Duty Cycle Register 
                                                                  ;High
  48  0000                                 EXTERN   DCR2L.b       ; PWM 0 Duty Cycle Register Low 
                                                                  ;  
  49  0000                                 EXTERN   DCR3H.b       ; PWM 0 Duty Cycle Register 
                                                                  ;High
  50  0000                                 EXTERN   DCR3L.b       ; PWM 0 Duty Cycle Register Low 
                                                                  ;  
  51  0000                                 EXTERN   ATICRH.b      ; Input Capture Register High 
  52  0000                                 EXTERN   ATICRL.b      ; Input Capture Register Low
  53  0000                                 EXTERN   TRANCR.b      ; Transfer Control Register
  54  0000                                 EXTERN   BREAKCR.b     ; Break Control Register  
  55                             
  56                             ;*************************************************************
                                 ;*********
  57                             ;                        Watchdog Control  register
  58                             ;*************************************************************
                                 ;*********
  59                                       
  60  0000                                 EXTERN   WDGCR.b       ; Watchdog Control Register 
  61                             
  62                             
  63                             ;*************************************************************
                                 ;*********
  64                             ;		Flash Register
  65                             ;*************************************************************
                                 ;*********
  66                             
STMicroelectronics assembler v4.49   (C)1987-2016   Fri May 13 08:55:42 2016
Page 3  "initPort.asm"
                                               e:\Projet\code\ST7Lite2.INC

  67  0000                                 EXTERN   FCSR.b        ; flash control/satus register
  68                             
  69                             ;*************************************************************
                                 ;*********
  70                             ;		EEPROM Register
  71                             ;*************************************************************
                                 ;*********
  72                             
  73  0000                                 EXTERN   EECSR.b       ; data EEPROM control status 
                                                                  ;register
  74                             
  75                             ;*************************************************************
                                 ;*********
  76                             ;		SPI Registers
  77                             ;*************************************************************
                                 ;*********
  78                             
  79  0000                                 EXTERN   SPIDR.b       ; SPI data I/O register
  80  0000                                 EXTERN   SPICR.b       ; SPI control register
  81  0000                                 EXTERN   SPISR.b       ; SPI status register
  82                             
  83                             ;*************************************************************
                                 ;*********
  84                             ;		ADC Registers
  85                             ;*************************************************************
                                 ;*********
  86                                       
  87  0000                                 EXTERN   ADCCSR.b      ; ADC Control Status register
  88  0000                                 EXTERN   ADCDRH.b      ; ADC Data register
  89  0000                                 EXTERN   ADCDRL.b      ; ADC Amplifier Control 
                                                                  ;register
  90                                       
  91                             ;*************************************************************
                                 ;*********
  92                             ;		ITC Registers
  93                             ;*************************************************************
                                 ;*********
  94                                       
  95  0000                                 EXTERN   EICR.b        ; external interrupt control 
                                                                  ;register
  96                             
  97                             ;*************************************************************
                                 ;*********
  98                             ;		MCC egisters
  99                             ;*************************************************************
                                 ;*********
 100                             
 101  0000                                 EXTERN   MCCSR.b       ; main clock control/status 
                                                                  ;register
 102                                       
 103                             ;*************************************************************
                                 ;*********
 104                             ;		Clock & Reset Registers
 105                             ;*************************************************************
                                 ;*********
 106                             
 107  0000                                 EXTERN   RCCR.b        ; RC oscilator control register
STMicroelectronics assembler v4.49   (C)1987-2016   Fri May 13 08:55:42 2016
Page 4  "initPort.asm"
                                               e:\Projet\code\ST7Lite2.INC

 108  0000                                 EXTERN   SICSR.b       ; system integrity 
                                                                  ;control/status register
 109                             
 110                             ;*************************************************************
                                 ;*********
 111                             ;                        External Interrupt Selection 
                                 ;Registers
 112                             ;*************************************************************
                                 ;*********
 113                             
 114  0000                                 EXTERN   EISR.b        ;  External Interrupt Selection 
                                                                  ;Register
 115                             
 116                             ;*************************************************************
                                 ;*********
 117                             ;                        Dali Registers
 118                             ;*************************************************************
                                 ;*********
 119                             
 120  0000                                 EXTERN   DCMCLK.b      ; DALI Clock Register
 121  0000                                 EXTERN   DCMFA.b       ; DALI Forward Address Register
 122  0000                                 EXTERN   DCMFD.b       ; DALI Forward Data Register
 123  0000                                 EXTERN   DCMBD.b       ; DALI Backward Data Register
 124  0000                                 EXTERN   DCMCR.b       ; DALI Control Register
 125  0000                                 EXTERN   DCMCSR.b      ; DALI Control/Status Register
 126                             
 127                             ;*************************************************************
                                 ;*********
 128                             ;                        AWU Registers
 129                             ;*************************************************************
                                 ;*********
 130                             
 131  0000                                 EXTERN   AWUPR.b       ; AWU Prescaler Register
 132  0000                                 EXTERN   AWUCSR.b      ; AWU Control/Status Register
 133                             
 134                             ;*************************************************************
                                 ;*********
 135                             ;                        DM Registers
 136                             ;*************************************************************
                                 ;*********
 137                             
 138  0000                                 EXTERN   DMCR.b        ; DM Control Register
 139  0000                                 EXTERN   DMSR.b        ; DM Status Register
 140  0000                                 EXTERN   DMBK1H.b      ; DM Breakpoint Register 1 High
 141  0000                                 EXTERN   DMBK1L.b      ; DM Breakpoint Register 1 Low
 142  0000                                 EXTERN   DMBK2H.b      ; DM Breakpoint Register 2 High
 143  0000                                 EXTERN   DMBK2L.b      ; DM Breakpoint Register 2 Low
 144                             
<END_OF_INCLUSION>
  14                             
  15                             
  16                             ;*************************************************************
                                 ;***********
  17                             ;
  18                             ;  ZONE DE DECLARATION DES SYMBOLES
  19                             ;
  20                             ;*************************************************************
                                 ;***********
STMicroelectronics assembler v4.49   (C)1987-2016   Fri May 13 08:55:42 2016
Page 5  "initPort.asm"
                                               e:\Projet\code\initport.asm

  21                             
  22  0000                                 PUBLIC   initPortSPI
  23                             
  24                             
  25                             ;*************************************************************
                                 ;***********
  26                             ;
  27                             ;  ZONE DE DECLARATION DES VARIABLES
  28                             ;
  29                             ;*************************************************************
                                 ;***********
  30  0000                                 BYTES    
  31                                       segment  byte 'ram0'
  32                             
  33  0081                       var       DS.B     1             ;fourre tout pour contrer 
                                                                  ;limitation mode d'adressage
  34                             
  35                             ;*************************************************************
                                 ;***********
  36                             ;
  37                             ;  ZONE DE DECLARATION DES CONSTANTES
  38                             ;
  39                             ;*************************************************************
                                 ;***********
  40  0082                                 WORDS    
  41                                       segment  byte 'rom'
  42                                       
  43                             
  44                             ;*************************************************************
                                 ;***********
  45                             ;
  46                             ;  ZONE DE DECLARATION DES SOUS-PROGRAMMES
  47                             ;
  48                             ;*************************************************************
                                 ;***********
  49                             
  50                             ;;;;;;;;;;;;;;;;;;;;;;;;;;;;;;;;;;;;;;;;;;;;;;;;
  51                             ; macro pour 'et' bit à bit et complement a un ;
  52                             ;;;;;;;;;;;;;;;;;;;;;;;;;;;;;;;;;;;;;;;;;;;;;;;;
  53  E030                       MandComp  MACRO    dest src
  54                                       PUSH     X
  55                                       PUSH     A
  56                                       LD       X,src
  57                                       CPL      X
  58                                       LD       var,X
  59                                       LD       A,dest
  60                                       AND      A,var
  61                                       LD       dest,A
  62                                       POP      A
  63                                       POP      X
  64  E030                                 MEND     
  65                             
  66                             ;;;;;;;;;;;;;;;;;;;;;;;;;;;;;
  67                             ; macro pour 'or' bit à bit ;
  68                             ;;;;;;;;;;;;;;;;;;;;;;;;;;;;;
  69  E030                       Mor       MACRO    dest mask
  70                                       PUSH     X
STMicroelectronics assembler v4.49   (C)1987-2016   Fri May 13 08:55:42 2016
Page 6  "initPort.asm"
                                               e:\Projet\code\initport.asm

  71                                       PUSH     A
  72                                       LD       A,dest
  73                                       OR       A,mask
  74                                       LD       A,dest
  75                                       POP      A
  76                                       POP      X
  77  E030                                 MEND     
  78                                       
  79                             ;LEs fonction d'init qui ne seront apelé qu'une fois en début 
                                 ;de prgm ne sauvent pas les registres.
  80                             
  81                             ;;;;;;;;;;;;;;;;;;;;;;;;;;;
  82                             ; initialisation port spi ;
  83                             ;;;;;;;;;;;;;;;;;;;;;;;;;;;
  84                             initPortSPI:  
  85  E030   B60C                          LD       A,$0C         ;ctrl spi
  86  E032   B732                          LD       SPICR,A
  87                                       
  88  E034   B603                          LD       A,$03         ;status spi
  89  E036   B733                          LD       SPISR,A
  90                                       
  91  E038   B65C                          LD       A,$5C         ;ctrl spi
  92  E03A   B732                          LD       SPICR,A
  93                                       
  94                                       
  95                                       Mor      PBOR, $04
  95  E03C   89                            PUSH     X
  95  E03D   88                            PUSH     A
  95  E03E   B605                          LD       A,PBOR
  95  E040   BA04                          OR       A,$04
  95  E042   B605                          LD       A,PBOR
  95  E044   84                            POP      A
  95  E045   85                            POP      X
  96  E046                                                        ;LD	A,PBOR	;PB2
  97                                                              ;OR	A,$04
  98                                                              ;LD	A,PBOR
  99                                       
 100                                       Mor      PBDDR, $04
 100  E046   89                            PUSH     X
 100  E047   88                            PUSH     A
 100  E048   B604                          LD       A,PBDDR
 100  E04A   BA04                          OR       A,$04
 100  E04C   B604                          LD       A,PBDDR
 100  E04E   84                            POP      A
 100  E04F   85                            POP      X
 101  E050                                                        ;LD	A,PBDDR
 102                                                              ;OR	A,$04
 103                                                              ;LD	A,PBDDR
 104                                       
 105                                       
 106                                       Mor      PBOR, $10
 106  E050   89                            PUSH     X
 106  E051   88                            PUSH     A
 106  E052   B605                          LD       A,PBOR
 106  E054   BA10                          OR       A,$10
 106  E056   B605                          LD       A,PBOR
 106  E058   84                            POP      A
STMicroelectronics assembler v4.49   (C)1987-2016   Fri May 13 08:55:42 2016
Page 7  "initPort.asm"
                                               e:\Projet\code\initport.asm

 106  E059   85                            POP      X
 107  E05A                                                        ;LD	A,PBOR	;PB4
 108                                                              ;OR	A,$10
 109                                                              ;LD	A,PBOR
 110                                       
 111                                       Mor      PBDDR, $10
 111  E05A   89                            PUSH     X
 111  E05B   88                            PUSH     A
 111  E05C   B604                          LD       A,PBDDR
 111  E05E   BA10                          OR       A,$10
 111  E060   B604                          LD       A,PBDDR
 111  E062   84                            POP      A
 111  E063   85                            POP      X
 112  E064                                                        ;LD 	A,PBDDR
 113                                                              ;OR	A,$10
 114                                                              ;LD	A,PBDDR
 115                                       
 116                                       
 117                                       Mor      PBOR, $20
 117  E064   89                            PUSH     X
 117  E065   88                            PUSH     A
 117  E066   B605                          LD       A,PBOR
 117  E068   BA20                          OR       A,$20
 117  E06A   B605                          LD       A,PBOR
 117  E06C   84                            POP      A
 117  E06D   85                            POP      X
 118  E06E                                                        ;LD	A,PBOR	;PB5
 119                                                              ;OR	A,$20
 120                                                              ;LD	A,PBOR
 121                                       
 122                                       Mor      PBDDR, $20
 122  E06E   89                            PUSH     X
 122  E06F   88                            PUSH     A
 122  E070   B604                          LD       A,PBDDR
 122  E072   BA20                          OR       A,$20
 122  E074   B604                          LD       A,PBDDR
 122  E076   84                            POP      A
 122  E077   85                            POP      X
 123  E078                                                        ;LD	A,PBDDR
 124                                                              ;OR	A,$20
 125                                                              ;LD	A,PBDDR
 126                                       
 127                                       
 128                                       MandComp PBDR, $04
 128  E078   89                            PUSH     X
 128  E079   88                            PUSH     A
 128  E07A   BE04                          LD       X,$04
 128  E07C   53                            CPL      X
 128  E07D   BF81                          LD       var,X
 128  E07F   B603                          LD       A,PBDR
 128  E081   B481                          AND      A,var
 128  E083   B703                          LD       PBDR,A
 128  E085   84                            POP      A
 128  E086   85                            POP      X
 129  E087                                                        ;LD	X,$04	;PB2
 130                                                              ;CPL	X
 131                                                              ;LD	var,X
STMicroelectronics assembler v4.49   (C)1987-2016   Fri May 13 08:55:42 2016
Page 8  "initPort.asm"
                                               e:\Projet\code\initport.asm

 132                                                              ;LD	A,PBDR
 133                                                              ;AND	A,var
 134                                                              ;LD	PBDR,A
 135                                       
 136                                       MandComp PBDR, $10
 136  E087   89                            PUSH     X
 136  E088   88                            PUSH     A
 136  E089   BE10                          LD       X,$10
 136  E08B   53                            CPL      X
 136  E08C   BF81                          LD       var,X
 136  E08E   B603                          LD       A,PBDR
 136  E090   B481                          AND      A,var
 136  E092   B703                          LD       PBDR,A
 136  E094   84                            POP      A
 136  E095   85                            POP      X
 137  E096                                                        ;LD	X,$10	;PB4
 138                                                              ;CPL	X
 139                                                              ;LD	var,X
 140                                                              ;LD	A,PBDR
 141                                                              ;AND	A,var
 142                                                              ;LD	PBDR,A
 143                                       
 144                                       Mor      PBDR, $20
 144  E096   89                            PUSH     X
 144  E097   88                            PUSH     A
 144  E098   B603                          LD       A,PBDR
 144  E09A   BA20                          OR       A,$20
 144  E09C   B603                          LD       A,PBDR
 144  E09E   84                            POP      A
 144  E09F   85                            POP      X
 145  E0A0                                                        ;LD	A,PBDR	;PB5
 146                                                              ;OR	A,$20
 147                                                              ;LD	A,PBDR
 148                                       
 149                                       
 150                                       Mor      PAOR, $04
 150  E0A0   89                            PUSH     X
 150  E0A1   88                            PUSH     A
 150  E0A2   B602                          LD       A,PAOR
 150  E0A4   BA04                          OR       A,$04
 150  E0A6   B602                          LD       A,PAOR
 150  E0A8   84                            POP      A
 150  E0A9   85                            POP      X
 151  E0AA                                                        ;LD	A,PAOR	;PA2
 152                                                              ;OR	A,$04
 153                                                              ;LD	A,PAOR
 154                                       
 155                                       Mor      PADDR, $04
 155  E0AA   89                            PUSH     X
 155  E0AB   88                            PUSH     A
 155  E0AC   B601                          LD       A,PADDR
 155  E0AE   BA04                          OR       A,$04
 155  E0B0   B601                          LD       A,PADDR
 155  E0B2   84                            POP      A
 155  E0B3   85                            POP      X
 156  E0B4                                                        ;LD	A,PADDR	;PA2
 157                                                              ;OR	A,$04
STMicroelectronics assembler v4.49   (C)1987-2016   Fri May 13 08:55:42 2016
Page 9  "initPort.asm"
                                               e:\Projet\code\initport.asm

 158                                                              ;LD	A,PADDR
 159                                       
 160                                       Mor      PADR, $04
 160  E0B4   89                            PUSH     X
 160  E0B5   88                            PUSH     A
 160  E0B6   B600                          LD       A,PADR
 160  E0B8   BA04                          OR       A,$04
 160  E0BA   B600                          LD       A,PADR
 160  E0BC   84                            POP      A
 160  E0BD   85                            POP      X
 161  E0BE                                                        ;LD	A,PADR	;PA2
 162                                                              ;OR	A,$04
 163                                                              ;LD	A,PADR
 164                                       
 165  E0BE   81                            RET      
 166                             
 167                             ;*************************************************************
                                 ;***********
 168                             
 169  E0BF                                 END      
STMicroelectronics assembler v4.49   (C)1987-2016   Fri May 13 08:55:42 2016
Page 10  "initPort.asm"
                                               e:\Projet\code\initport.asm

Symbol Name                       Value     Call       Type  Scope      Rel.  Line  Privacy  Segment   Size  Bytes File

ATCSR                                   0D         no  BYTE  Internal   ABS     33  private  text         0     0  e:\Projet\code\ST7Lite2.INC
ATRH                                    10         no  BYTE  Internal   ABS     36  private  text         0     0  e:\Projet\code\ST7Lite2.INC
ATRL                                    11         no  BYTE  Internal   ABS     37  private  text         0     0  e:\Projet\code\ST7Lite2.INC
ATICRH                                  1F         no  BYTE  Internal   ABS     51  private  text         0     0  e:\Projet\code\ST7Lite2.INC
ATICRL                                  20         no  BYTE  Internal   ABS     52  private  text         0     0  e:\Projet\code\ST7Lite2.INC
ADCCSR                                  34         no  BYTE  Internal   ABS     87  private  text         0     0  e:\Projet\code\ST7Lite2.INC
ADCDRH                                  35         no  BYTE  Internal   ABS     88  private  text         0     0  e:\Projet\code\ST7Lite2.INC
ADCDRL                                  36         no  BYTE  Internal   ABS     89  private  text         0     0  e:\Projet\code\ST7Lite2.INC
AWUPR                                   49         no  BYTE  Internal   ABS    131  private  text         0     0  e:\Projet\code\ST7Lite2.INC
AWUCSR                                  4A         no  BYTE  Internal   ABS    132  private  text         0     0  e:\Projet\code\ST7Lite2.INC

BREAKCR                                 22         no  BYTE  Internal   ABS     54  private  text         0     0  e:\Projet\code\ST7Lite2.INC

CNTRH                                   0E         no  BYTE  Internal   ABS     34  private  text         0     0  e:\Projet\code\ST7Lite2.INC
CNTRL                                   0F         no  BYTE  Internal   ABS     35  private  text         0     0  e:\Projet\code\ST7Lite2.INC

DCR0H                                   17         no  BYTE  Internal   ABS     43  private  text         0     0  e:\Projet\code\ST7Lite2.INC
DCR0L                                   18         no  BYTE  Internal   ABS     44  private  text         0     0  e:\Projet\code\ST7Lite2.INC
DCR1H                                   19         no  BYTE  Internal   ABS     45  private  text         0     0  e:\Projet\code\ST7Lite2.INC
DCR1L                                   1A         no  BYTE  Internal   ABS     46  private  text         0     0  e:\Projet\code\ST7Lite2.INC
DCR2H                                   1B         no  BYTE  Internal   ABS     47  private  text         0     0  e:\Projet\code\ST7Lite2.INC
DCR2L                                   1C         no  BYTE  Internal   ABS     48  private  text         0     0  e:\Projet\code\ST7Lite2.INC
DCR3H                                   1D         no  BYTE  Internal   ABS     49  private  text         0     0  e:\Projet\code\ST7Lite2.INC
DCR3L                                   1E         no  BYTE  Internal   ABS     50  private  text         0     0  e:\Projet\code\ST7Lite2.INC
DCMCLK                                  40         no  BYTE  Internal   ABS    120  private  text         0     0  e:\Projet\code\ST7Lite2.INC
DCMFA                                   41         no  BYTE  Internal   ABS    121  private  text         0     0  e:\Projet\code\ST7Lite2.INC
DCMFD                                   42         no  BYTE  Internal   ABS    122  private  text         0     0  e:\Projet\code\ST7Lite2.INC
DCMBD                                   43         no  BYTE  Internal   ABS    123  private  text         0     0  e:\Projet\code\ST7Lite2.INC
DCMCR                                   44         no  BYTE  Internal   ABS    124  private  text         0     0  e:\Projet\code\ST7Lite2.INC
DCMCSR                                  45         no  BYTE  Internal   ABS    125  private  text         0     0  e:\Projet\code\ST7Lite2.INC
DMCR                                    4B         no  BYTE  Internal   ABS    138  private  text         0     0  e:\Projet\code\ST7Lite2.INC
DMSR                                    4C         no  BYTE  Internal   ABS    139  private  text         0     0  e:\Projet\code\ST7Lite2.INC
DMBK1H                                  4D         no  BYTE  Internal   ABS    140  private  text         0     0  e:\Projet\code\ST7Lite2.INC
DMBK1L                                  4E         no  BYTE  Internal   ABS    141  private  text         0     0  e:\Projet\code\ST7Lite2.INC
DMBK2H                                  4F         no  BYTE  Internal   ABS    142  private  text         0     0  e:\Projet\code\ST7Lite2.INC
DMBK2L                                  50         no  BYTE  Internal   ABS    143  private  text         0     0  e:\Projet\code\ST7Lite2.INC

EECSR                                   30         no  BYTE  Internal   ABS     73  private  text         0     0  e:\Projet\code\ST7Lite2.INC
EICR                                    37         no  BYTE  Internal   ABS     95  private  text         0     0  e:\Projet\code\ST7Lite2.INC
EISR                                    3C         no  BYTE  Internal   ABS    114  private  text         0     0  e:\Projet\code\ST7Lite2.INC

FCSR                                    2F         no  BYTE  Internal   ABS     67  private  text         0     0  e:\Projet\code\ST7Lite2.INC

LTCSR2                                  08         no  BYTE  Internal   ABS     23  private  text         0     0  e:\Projet\code\ST7Lite2.INC
LTCARR                                  09         no  BYTE  Internal   ABS     24  private  text         0     0  e:\Projet\code\ST7Lite2.INC
LTCNTR                                  0A         no  BYTE  Internal   ABS     25  private  text         0     0  e:\Projet\code\ST7Lite2.INC
LTCSR1                                  0B         no  BYTE  Internal   ABS     26  private  text         0     0  e:\Projet\code\ST7Lite2.INC
LTICR                                   0C         no  BYTE  Internal   ABS     27  private  text         0     0  e:\Projet\code\ST7Lite2.INC

MCCSR                                   38         no  BYTE  Internal   ABS    101  private  text         0     0  e:\Projet\code\ST7Lite2.INC

PADR                                    00         no  BYTE  Internal   ABS     11  private  text         0     0  e:\Projet\code\ST7Lite2.INC
PADDR                                   01         no  BYTE  Internal   ABS     12  private  text         0     0  e:\Projet\code\ST7Lite2.INC
PAOR                                    02         no  BYTE  Internal   ABS     13  private  text         0     0  e:\Projet\code\ST7Lite2.INC
PBDR                                    03         no  BYTE  Internal   ABS     15  private  text         0     0  e:\Projet\code\ST7Lite2.INC
STMicroelectronics assembler v4.49   (C)1987-2016   Fri May 13 08:55:42 2016
Page 11  "initPort.asm"
                                               e:\Projet\code\initport.asm

PBDDR                                   04         no  BYTE  Internal   ABS     16  private  text         0     0  e:\Projet\code\ST7Lite2.INC
PBOR                                    05         no  BYTE  Internal   ABS     17  private  text         0     0  e:\Projet\code\ST7Lite2.INC
PWMCR                                   12         no  BYTE  Internal   ABS     38  private  text         0     0  e:\Projet\code\ST7Lite2.INC
PWM0CSR                                 13         no  BYTE  Internal   ABS     39  private  text         0     0  e:\Projet\code\ST7Lite2.INC
PWM1CSR                                 14         no  BYTE  Internal   ABS     40  private  text         0     0  e:\Projet\code\ST7Lite2.INC
PWM2CSR                                 15         no  BYTE  Internal   ABS     41  private  text         0     0  e:\Projet\code\ST7Lite2.INC
PWM3CSR                                 16         no  BYTE  Internal   ABS     42  private  text         0     0  e:\Projet\code\ST7Lite2.INC

RCCR                                    39         no  BYTE  Internal   ABS    107  private  text         0     0  e:\Projet\code\ST7Lite2.INC

SPIDR                                   31         no  BYTE  Internal   ABS     79  private  text         0     0  e:\Projet\code\ST7Lite2.INC
SPICR                                   32         no  BYTE  Internal   ABS     80  private  text         0     0  e:\Projet\code\ST7Lite2.INC
SPISR                                   33         no  BYTE  Internal   ABS     81  private  text         0     0  e:\Projet\code\ST7Lite2.INC
SICSR                                   3A         no  BYTE  Internal   ABS    108  private  text         0     0  e:\Projet\code\ST7Lite2.INC

TRANCR                                  21         no  BYTE  Internal   ABS     53  private  text         0     0  e:\Projet\code\ST7Lite2.INC

WDGCR                                   2E         no  BYTE  Internal   ABS     60  private  text         0     0  e:\Projet\code\ST7Lite2.INC

initPortSPI                           E030         no  WORD  Internal   ABS     84  public   text       143     0  -

var                                     81         no  BYTE  Internal   ABS     33  private  bss          1     1  -


63 labels
No errors on assembly of 'e:\Projet\code\initport.asm'