STMicroelectronics assembler v4.49   (C)1987-2016   Thu May 12 17:39:27 2016
Page 1  "time.ASM"
                                               e:\Projet\code\time.asm

   1                             ST7/      
   2                             
   3                             ;*************************************************************
                                 ;***********
   4                             ; TITLE:                
   5                             ; AUTHOR:               
   6                             ; DESCRIPTION:          
   7                             ;*************************************************************
                                 ;***********
   8                             
   9  0000                                 TITLE    "time.ASM"
  10                                       
  11  0000                                 MOTOROLA 
  12                                       
   0  0000                                 #include "ST7Lite2.INC"
   1                             ;*************************************************************
                                 ;*********** 
   2                             ; TITLE:                ST7FLite2.INC
   3                             ; AUTHOR:               CMG Microcontroller Application Team
   4                             ; DESCRIPTION:          ST7FLite2 Register and memory mapping 
                                 ;
   5                             ;*************************************************************
                                 ;***********;*************************************************
                                 ;********************
   6                             
   7                             ;*************************************************************
                                 ;*********
   8                             ;		I/O Ports Registers
   9                             ;*************************************************************
                                 ;*********
  10                             
  11  0000                                 EXTERN   PADR.b        ; port A data register
  12  0000                                 EXTERN   PADDR.b       ; port A data direction 
                                                                  ;register
  13  0000                                 EXTERN   PAOR.b        ; port A option register
  14                             
  15  0000                                 EXTERN   PBDR.b        ; port B data register
  16  0000                                 EXTERN   PBDDR.b       ; port B data direction 
                                                                  ;register
  17  0000                                 EXTERN   PBOR.b        ; port B option register
  18                             
  19                             ;*************************************************************
                                 ;*********
  20                             ;		Lite Timer Registers
  21                             ;*************************************************************
                                 ;*********
  22                                       
  23  0000                                 EXTERN   LTCSR2.b      ; Lite Timer Control/Status 
                                                                  ;register 2
  24  0000                                 EXTERN   LTCARR.b      ; Lite Timer Auto-reload 
                                                                  ;register
  25  0000                                 EXTERN   LTCNTR.b      ; Lite Timer Counter register
  26  0000                                 EXTERN   LTCSR1.b      ; Lite Timer Control/Status 
                                                                  ;register 1
  27  0000                                 EXTERN   LTICR.b       ; Lite Timer Input Capture 
                                                                  ;register
  28                                       
STMicroelectronics assembler v4.49   (C)1987-2016   Thu May 12 17:39:27 2016
Page 2  "time.ASM"
                                               e:\Projet\code\ST7Lite2.INC

  29                             ;*************************************************************
                                 ;*********
  30                             ;		Auto reload timer registers
  31                             ;*************************************************************
                                 ;*********
  32                             
  33  0000                                 EXTERN   ATCSR.b       ; Timer Control/Status register 
                                                                  ;1
  34  0000                                 EXTERN   CNTRH.b       ; Counter Register High
  35  0000                                 EXTERN   CNTRL.b       ; Counter Register Low 
  36  0000                                 EXTERN   ATRH.b        ; Auto-Reload Register High
  37  0000                                 EXTERN   ATRL.b        ; Auto-Reload Register Low
  38  0000                                 EXTERN   PWMCR.b       ; PWM Output Control Register
  39  0000                                 EXTERN   PWM0CSR.b     ; PWM 0 Control/Status Register 
                                                                  ; 
  40  0000                                 EXTERN   PWM1CSR.b     ; PWM 1 Control/Status Register 
                                                                  ; 
  41  0000                                 EXTERN   PWM2CSR.b     ; PWM 2 Control/Status Register 
                                                                  ; 
  42  0000                                 EXTERN   PWM3CSR.b     ; PWM 3 Control/Status Register 
                                                                  ; 
  43  0000                                 EXTERN   DCR0H.b       ; PWM 0 Duty Cycle Register 
                                                                  ;High
  44  0000                                 EXTERN   DCR0L.b       ; PWM 0 Duty Cycle Register Low 
                                                                  ;  
  45  0000                                 EXTERN   DCR1H.b       ; PWM 0 Duty Cycle Register 
                                                                  ;High
  46  0000                                 EXTERN   DCR1L.b       ; PWM 0 Duty Cycle Register Low 
                                                                  ;  
  47  0000                                 EXTERN   DCR2H.b       ; PWM 0 Duty Cycle Register 
                                                                  ;High
  48  0000                                 EXTERN   DCR2L.b       ; PWM 0 Duty Cycle Register Low 
                                                                  ;  
  49  0000                                 EXTERN   DCR3H.b       ; PWM 0 Duty Cycle Register 
                                                                  ;High
  50  0000                                 EXTERN   DCR3L.b       ; PWM 0 Duty Cycle Register Low 
                                                                  ;  
  51  0000                                 EXTERN   ATICRH.b      ; Input Capture Register High 
  52  0000                                 EXTERN   ATICRL.b      ; Input Capture Register Low
  53  0000                                 EXTERN   TRANCR.b      ; Transfer Control Register
  54  0000                                 EXTERN   BREAKCR.b     ; Break Control Register  
  55                             
  56                             ;*************************************************************
                                 ;*********
  57                             ;                        Watchdog Control  register
  58                             ;*************************************************************
                                 ;*********
  59                                       
  60  0000                                 EXTERN   WDGCR.b       ; Watchdog Control Register 
  61                             
  62                             
  63                             ;*************************************************************
                                 ;*********
  64                             ;		Flash Register
  65                             ;*************************************************************
                                 ;*********
  66                             
STMicroelectronics assembler v4.49   (C)1987-2016   Thu May 12 17:39:27 2016
Page 3  "time.ASM"
                                               e:\Projet\code\ST7Lite2.INC

  67  0000                                 EXTERN   FCSR.b        ; flash control/satus register
  68                             
  69                             ;*************************************************************
                                 ;*********
  70                             ;		EEPROM Register
  71                             ;*************************************************************
                                 ;*********
  72                             
  73  0000                                 EXTERN   EECSR.b       ; data EEPROM control status 
                                                                  ;register
  74                             
  75                             ;*************************************************************
                                 ;*********
  76                             ;		SPI Registers
  77                             ;*************************************************************
                                 ;*********
  78                             
  79  0000                                 EXTERN   SPIDR.b       ; SPI data I/O register
  80  0000                                 EXTERN   SPICR.b       ; SPI control register
  81  0000                                 EXTERN   SPISR.b       ; SPI status register
  82                             
  83                             ;*************************************************************
                                 ;*********
  84                             ;		ADC Registers
  85                             ;*************************************************************
                                 ;*********
  86                                       
  87  0000                                 EXTERN   ADCCSR.b      ; ADC Control Status register
  88  0000                                 EXTERN   ADCDRH.b      ; ADC Data register
  89  0000                                 EXTERN   ADCDRL.b      ; ADC Amplifier Control 
                                                                  ;register
  90                                       
  91                             ;*************************************************************
                                 ;*********
  92                             ;		ITC Registers
  93                             ;*************************************************************
                                 ;*********
  94                                       
  95  0000                                 EXTERN   EICR.b        ; external interrupt control 
                                                                  ;register
  96                             
  97                             ;*************************************************************
                                 ;*********
  98                             ;		MCC egisters
  99                             ;*************************************************************
                                 ;*********
 100                             
 101  0000                                 EXTERN   MCCSR.b       ; main clock control/status 
                                                                  ;register
 102                                       
 103                             ;*************************************************************
                                 ;*********
 104                             ;		Clock & Reset Registers
 105                             ;*************************************************************
                                 ;*********
 106                             
 107  0000                                 EXTERN   RCCR.b        ; RC oscilator control register
STMicroelectronics assembler v4.49   (C)1987-2016   Thu May 12 17:39:27 2016
Page 4  "time.ASM"
                                               e:\Projet\code\ST7Lite2.INC

 108  0000                                 EXTERN   SICSR.b       ; system integrity 
                                                                  ;control/status register
 109                             
 110                             ;*************************************************************
                                 ;*********
 111                             ;                        External Interrupt Selection 
                                 ;Registers
 112                             ;*************************************************************
                                 ;*********
 113                             
 114  0000                                 EXTERN   EISR.b        ;  External Interrupt Selection 
                                                                  ;Register
 115                             
 116                             ;*************************************************************
                                 ;*********
 117                             ;                        Dali Registers
 118                             ;*************************************************************
                                 ;*********
 119                             
 120  0000                                 EXTERN   DCMCLK.b      ; DALI Clock Register
 121  0000                                 EXTERN   DCMFA.b       ; DALI Forward Address Register
 122  0000                                 EXTERN   DCMFD.b       ; DALI Forward Data Register
 123  0000                                 EXTERN   DCMBD.b       ; DALI Backward Data Register
 124  0000                                 EXTERN   DCMCR.b       ; DALI Control Register
 125  0000                                 EXTERN   DCMCSR.b      ; DALI Control/Status Register
 126                             
 127                             ;*************************************************************
                                 ;*********
 128                             ;                        AWU Registers
 129                             ;*************************************************************
                                 ;*********
 130                             
 131  0000                                 EXTERN   AWUPR.b       ; AWU Prescaler Register
 132  0000                                 EXTERN   AWUCSR.b      ; AWU Control/Status Register
 133                             
 134                             ;*************************************************************
                                 ;*********
 135                             ;                        DM Registers
 136                             ;*************************************************************
                                 ;*********
 137                             
 138  0000                                 EXTERN   DMCR.b        ; DM Control Register
 139  0000                                 EXTERN   DMSR.b        ; DM Status Register
 140  0000                                 EXTERN   DMBK1H.b      ; DM Breakpoint Register 1 High
 141  0000                                 EXTERN   DMBK1L.b      ; DM Breakpoint Register 1 Low
 142  0000                                 EXTERN   DMBK2H.b      ; DM Breakpoint Register 2 High
 143  0000                                 EXTERN   DMBK2L.b      ; DM Breakpoint Register 2 Low
 144                             
<END_OF_INCLUSION>
  14                             
  15                             
  16                             ;*************************************************************
                                 ;***********
  17                             ;
  18                             ;  ZONE DE DECLARATION DES SYMBOLES
  19                             ;
  20                             ;*************************************************************
                                 ;***********
STMicroelectronics assembler v4.49   (C)1987-2016   Thu May 12 17:39:27 2016
Page 5  "time.ASM"
                                               e:\Projet\code\time.asm

  21                                       
  22  0000                                 PUBLIC   initOsc
  23  0000                                 PUBLIC   wait1ms
  24  0000                                 PUBLIC   wait2ms
  25  0000                                 PUBLIC   wait500ms
  26  0000                                 PUBLIC   wait
  27                                       
  28  0000                                 PUBLIC   waitTime
  29                             
  30                             
  31  FFDE                       RCCR0     EQU      $FFDE
  32                                       
  33                             ;*************************************************************
                                 ;***********
  34                             ;
  35                             ;  ZONE DE DECLARATION DES VARIABLES
  36                             ;
  37                             ;*************************************************************
                                 ;***********
  38  0000                                 BYTES    
  39                                       segment  byte 'ram0'
  40                             
  41  0080                       waitTime  DS.B     1
  42                             
  43                             ;*************************************************************
                                 ;***********
  44                             ;
  45                             ;  ZONE DE DECLARATION DES CONSTANTES
  46                             ;
  47                             ;*************************************************************
                                 ;***********
  48  0081                                 WORDS    
  49                                       segment  byte 'rom'
  50                             
  51                             ;*************************************************************
                                 ;***********
  52                             ;
  53                             ;  ZONE DE DECLARATION DES SOUS-PROGRAMMES
  54                             ;
  55                             ;*************************************************************
                                 ;***********
  56                             
  57                             
  58                             ;;;;;;;;;;;;;;;;;;;;;;;;;
  59                             ; correction oscilateur ;
  60                             ;;;;;;;;;;;;;;;;;;;;;;;;;
  61                             initOsc:  
  62  E000   C6FFDE                        ld       A,RCCR0
  63  E003   B739                          ld       RCCR,A
  64  E005   81                            RET      
  65                             
  66                             
  67                             ;;;;;;;;;;;;;;;;;;;;;;;;
  68                             ; temporisation de 1ms ;
  69                             ;;;;;;;;;;;;;;;;;;;;;;;;
  70                             
  71                             wait1ms:  
STMicroelectronics assembler v4.49   (C)1987-2016   Thu May 12 17:39:27 2016
Page 6  "time.ASM"
                                               e:\Projet\code\time.asm

  72                                                              ;Nloop_1ms	EQU	98	; nombre de 
                                                                  ;boucle pour tempo de 1ms = 98 x
                                                                  ; Fcpu en MHz
  73                                                              ; 98 si fcpu = 1MHz; 74 si fcpu 
                                                                  ;= 0,76MHz; 
  74  E006   89                            PUSH     X             ; 3 cycles
  75                                                              ; nombre de boucle = Nloop_1ms
  76  E007   AE62                          LD       X,#98         ; 2 cycles      
  77                             tempo10cyc:  
  78                                                              ; boucle 10 cycles
  79  E009   9D                            NOP                    ; 2 cycles
  80  E00A   9D                            NOP                    ; 2 cycles
  81  E00B   5A                            DEC      X             ; 3 cycles X = X-1
  82  E00C   26FB                          JRNE     tempo10cyc    ; 3 cycles si X <> 0 alors 
                                                                  ;continue tempo
  83  E00E   85                            POP      X             ; 4 cycles
  84  E00F   81                            RET                    ;= 6 cycles
  85                             
  86                             
  87                             
  88                             ;;;;;;;;;;;;;;;;;;;;;;;;
  89                             ; temporisation de 2ms ;
  90                             ;;;;;;;;;;;;;;;;;;;;;;;;
  91                             
  92                             wait2ms:  
  93                                                              ;Nloop_2ms	EQU	198	; nombre de 
                                                                  ;boucle pour tempo de 2ms = 198 
                                                                  ;x Fcpu en MHz
  94                                                              ; 198 si fcpu = 1MHz; 150 si 
                                                                  ;fcpu = 0,76MHz; 
  95  E010   89                            PUSH     X             ; 3 cycles
  96                                                              ; nombre de boucle = Nloop_2ms
  97  E011   AEC6                          LD       X,#198        ; 	2 cycles      
  98                             tempo10cyc2:  
  99                                                              ; boucle 10 cycles
 100  E013   9D                            NOP                    ; 2 cycles
 101  E014   9D                            NOP                    ; 2 cycles
 102  E015   5A                            DEC      X             ; 3 cycles X = X-1
 103  E016   26FB                          JRNE     tempo10cyc2   ; 3 cycles si X <> 0 alors 
                                                                  ;continue tempo
 104  E018   85                            POP      X             ; 4 cycles
 105  E019   81                            RET                    ;= 6 cycles
 106                             
 107                             
 108                             
 109                             ;;;;;;;;;;;;;;;;;;;;;;;;;;
 110                             ; temporisation de 500ms ;
 111                             ;;;;;;;;;;;;;;;;;;;;;;;;;;
 112                             wait500ms:  
 113  E01A   89                            PUSH     X
 114  E01B   BEFA                          LD       X,250
 115                             boucle_250_wait500ms:  
 116  E01D   CDE010                        CALL     wait2ms
 117  E020   5A                            DEC      X
 118  E021   26FA                          JRNE     boucle_250_wait500ms
 119  E023   85                            POP      X
 120  E024   81                            RET      
STMicroelectronics assembler v4.49   (C)1987-2016   Thu May 12 17:39:27 2016
Page 7  "time.ASM"
                                               e:\Projet\code\time.asm

 121                                       
 122                                       
 123                                       
 124                             ;;;;;;;;;;;;;;;;;;;;;;;;;;;;;;;;
 125                             ; temporisation de waitTime ms ;
 126                             ;;;;;;;;;;;;;;;;;;;;;;;;;;;;;;;;
 127                             wait:     
 128  E025   89                            PUSH     X
 129  E026   BE80                          LD       X,waitTime
 130                             boucle_waitTime_wait500ms:  
 131  E028   CDE006                        CALL     wait1ms
 132  E02B   5A                            DEC      X
 133  E02C   26FA                          JRNE     boucle_waitTime_wait500ms
 134  E02E   85                            POP      X
 135  E02F   81                            RET      
 136                             
 137                             
 138                             ;*************************************************************
                                 ;***********
 139                             
 140  E030                                 END      
STMicroelectronics assembler v4.49   (C)1987-2016   Thu May 12 17:39:27 2016
Page 8  "time.ASM"
                                               e:\Projet\code\time.asm

Symbol Name                       Value     Call       Type  Scope      Rel.  Line  Privacy  Segment   Size  Bytes File

ATCSR                                   0D         no  BYTE  Internal   ABS     33  private  text         0     0  e:\Projet\code\ST7Lite2.INC
ATRH                                    10         no  BYTE  Internal   ABS     36  private  text         0     0  e:\Projet\code\ST7Lite2.INC
ATRL                                    11         no  BYTE  Internal   ABS     37  private  text         0     0  e:\Projet\code\ST7Lite2.INC
ATICRH                                  1F         no  BYTE  Internal   ABS     51  private  text         0     0  e:\Projet\code\ST7Lite2.INC
ATICRL                                  20         no  BYTE  Internal   ABS     52  private  text         0     0  e:\Projet\code\ST7Lite2.INC
ADCCSR                                  34         no  BYTE  Internal   ABS     87  private  text         0     0  e:\Projet\code\ST7Lite2.INC
ADCDRH                                  35         no  BYTE  Internal   ABS     88  private  text         0     0  e:\Projet\code\ST7Lite2.INC
ADCDRL                                  36         no  BYTE  Internal   ABS     89  private  text         0     0  e:\Projet\code\ST7Lite2.INC
AWUPR                                   49         no  BYTE  Internal   ABS    131  private  text         0     0  e:\Projet\code\ST7Lite2.INC
AWUCSR                                  4A         no  BYTE  Internal   ABS    132  private  text         0     0  e:\Projet\code\ST7Lite2.INC

BREAKCR                                 22         no  BYTE  Internal   ABS     54  private  text         0     0  e:\Projet\code\ST7Lite2.INC

CNTRH                                   0E         no  BYTE  Internal   ABS     34  private  text         0     0  e:\Projet\code\ST7Lite2.INC
CNTRL                                   0F         no  BYTE  Internal   ABS     35  private  text         0     0  e:\Projet\code\ST7Lite2.INC

DCR0H                                   17         no  BYTE  Internal   ABS     43  private  text         0     0  e:\Projet\code\ST7Lite2.INC
DCR0L                                   18         no  BYTE  Internal   ABS     44  private  text         0     0  e:\Projet\code\ST7Lite2.INC
DCR1H                                   19         no  BYTE  Internal   ABS     45  private  text         0     0  e:\Projet\code\ST7Lite2.INC
DCR1L                                   1A         no  BYTE  Internal   ABS     46  private  text         0     0  e:\Projet\code\ST7Lite2.INC
DCR2H                                   1B         no  BYTE  Internal   ABS     47  private  text         0     0  e:\Projet\code\ST7Lite2.INC
DCR2L                                   1C         no  BYTE  Internal   ABS     48  private  text         0     0  e:\Projet\code\ST7Lite2.INC
DCR3H                                   1D         no  BYTE  Internal   ABS     49  private  text         0     0  e:\Projet\code\ST7Lite2.INC
DCR3L                                   1E         no  BYTE  Internal   ABS     50  private  text         0     0  e:\Projet\code\ST7Lite2.INC
DCMCLK                                  40         no  BYTE  Internal   ABS    120  private  text         0     0  e:\Projet\code\ST7Lite2.INC
DCMFA                                   41         no  BYTE  Internal   ABS    121  private  text         0     0  e:\Projet\code\ST7Lite2.INC
DCMFD                                   42         no  BYTE  Internal   ABS    122  private  text         0     0  e:\Projet\code\ST7Lite2.INC
DCMBD                                   43         no  BYTE  Internal   ABS    123  private  text         0     0  e:\Projet\code\ST7Lite2.INC
DCMCR                                   44         no  BYTE  Internal   ABS    124  private  text         0     0  e:\Projet\code\ST7Lite2.INC
DCMCSR                                  45         no  BYTE  Internal   ABS    125  private  text         0     0  e:\Projet\code\ST7Lite2.INC
DMCR                                    4B         no  BYTE  Internal   ABS    138  private  text         0     0  e:\Projet\code\ST7Lite2.INC
DMSR                                    4C         no  BYTE  Internal   ABS    139  private  text         0     0  e:\Projet\code\ST7Lite2.INC
DMBK1H                                  4D         no  BYTE  Internal   ABS    140  private  text         0     0  e:\Projet\code\ST7Lite2.INC
DMBK1L                                  4E         no  BYTE  Internal   ABS    141  private  text         0     0  e:\Projet\code\ST7Lite2.INC
DMBK2H                                  4F         no  BYTE  Internal   ABS    142  private  text         0     0  e:\Projet\code\ST7Lite2.INC
DMBK2L                                  50         no  BYTE  Internal   ABS    143  private  text         0     0  e:\Projet\code\ST7Lite2.INC

EECSR                                   30         no  BYTE  Internal   ABS     73  private  text         0     0  e:\Projet\code\ST7Lite2.INC
EICR                                    37         no  BYTE  Internal   ABS     95  private  text         0     0  e:\Projet\code\ST7Lite2.INC
EISR                                    3C         no  BYTE  Internal   ABS    114  private  text         0     0  e:\Projet\code\ST7Lite2.INC

FCSR                                    2F         no  BYTE  Internal   ABS     67  private  text         0     0  e:\Projet\code\ST7Lite2.INC

LTCSR2                                  08         no  BYTE  Internal   ABS     23  private  text         0     0  e:\Projet\code\ST7Lite2.INC
LTCARR                                  09         no  BYTE  Internal   ABS     24  private  text         0     0  e:\Projet\code\ST7Lite2.INC
LTCNTR                                  0A         no  BYTE  Internal   ABS     25  private  text         0     0  e:\Projet\code\ST7Lite2.INC
LTCSR1                                  0B         no  BYTE  Internal   ABS     26  private  text         0     0  e:\Projet\code\ST7Lite2.INC
LTICR                                   0C         no  BYTE  Internal   ABS     27  private  text         0     0  e:\Projet\code\ST7Lite2.INC

MCCSR                                   38         no  BYTE  Internal   ABS    101  private  text         0     0  e:\Projet\code\ST7Lite2.INC

PADR                                    00         no  BYTE  Internal   ABS     11  private  text         0     0  e:\Projet\code\ST7Lite2.INC
PADDR                                   01         no  BYTE  Internal   ABS     12  private  text         0     0  e:\Projet\code\ST7Lite2.INC
PAOR                                    02         no  BYTE  Internal   ABS     13  private  text         0     0  e:\Projet\code\ST7Lite2.INC
PBDR                                    03         no  BYTE  Internal   ABS     15  private  text         0     0  e:\Projet\code\ST7Lite2.INC
STMicroelectronics assembler v4.49   (C)1987-2016   Thu May 12 17:39:27 2016
Page 9  "time.ASM"
                                               e:\Projet\code\time.asm

PBDDR                                   04         no  BYTE  Internal   ABS     16  private  text         0     0  e:\Projet\code\ST7Lite2.INC
PBOR                                    05         no  BYTE  Internal   ABS     17  private  text         0     0  e:\Projet\code\ST7Lite2.INC
PWMCR                                   12         no  BYTE  Internal   ABS     38  private  text         0     0  e:\Projet\code\ST7Lite2.INC
PWM0CSR                                 13         no  BYTE  Internal   ABS     39  private  text         0     0  e:\Projet\code\ST7Lite2.INC
PWM1CSR                                 14         no  BYTE  Internal   ABS     40  private  text         0     0  e:\Projet\code\ST7Lite2.INC
PWM2CSR                                 15         no  BYTE  Internal   ABS     41  private  text         0     0  e:\Projet\code\ST7Lite2.INC
PWM3CSR                                 16         no  BYTE  Internal   ABS     42  private  text         0     0  e:\Projet\code\ST7Lite2.INC

RCCR                                    39         no  BYTE  Internal   ABS    107  private  text         0     0  e:\Projet\code\ST7Lite2.INC
RCCR0                                 FFDE         no  WORD  Internal   ABS     31  private  text         0     0  -

SPIDR                                   31         no  BYTE  Internal   ABS     79  private  text         0     0  e:\Projet\code\ST7Lite2.INC
SPICR                                   32         no  BYTE  Internal   ABS     80  private  text         0     0  e:\Projet\code\ST7Lite2.INC
SPISR                                   33         no  BYTE  Internal   ABS     81  private  text         0     0  e:\Projet\code\ST7Lite2.INC
SICSR                                   3A         no  BYTE  Internal   ABS    108  private  text         0     0  e:\Projet\code\ST7Lite2.INC

TRANCR                                  21         no  BYTE  Internal   ABS     53  private  text         0     0  e:\Projet\code\ST7Lite2.INC

WDGCR                                   2E         no  BYTE  Internal   ABS     60  private  text         0     0  e:\Projet\code\ST7Lite2.INC

boucle_250_wait500ms                  E01D         no  WORD  Internal   ABS    115  private  text         8     0  -
boucle_waitTime_wait500ms             E028         no  WORD  Internal   ABS    130  private  text         8     0  -

initOsc                               E000         no  WORD  Internal   ABS     61  public   text         6     0  -

tempo10cyc                            E009         no  WORD  Internal   ABS     77  private  text         7     0  -
tempo10cyc2                           E013         no  WORD  Internal   ABS     98  private  text         7     0  -

wait1ms                               E006         no  WORD  Internal   ABS     71  public   text         3     0  -
wait2ms                               E010         no  WORD  Internal   ABS     92  public   text         3     0  -
wait500ms                             E01A         no  WORD  Internal   ABS    112  public   text         3     0  -
wait                                  E025         no  WORD  Internal   ABS    127  public   text         3     0  -
waitTime                                80         no  BYTE  Internal   ABS     41  public   bss          1     1  -


72 labels
No errors on assembly of 'e:\Projet\code\time.asm'